<amp-facebook layout="responsive" data-href="https://www.facebook.com/zuck/posts/10101301165605491" data-embed-as="post" height="366" width="500"></amp-facebook>
