<amp-facebook layout="responsive" data-href="https://www.facebook.com/facebook/videos/10153231379946729/" data-embed-as="video" height="281" width="500"></amp-facebook>
<amp-facebook layout="responsive" data-href="https://www.facebook.com/20531316728/posts/10154009990506729/" data-embed-as="post" height="290" width="500"></amp-facebook>
