<amp-iframe sandbox="allow-scripts allow-same-origin" layout="responsive" height="450" width="600" src="https://www.kickstarter.com/projects/1081571316/rhino-shield-the-impact-resistant-screen-protector/widget/video.html"></amp-iframe>
