<amp-instagram layout="responsive" data-shortcode="BCW-bHsLDVg" width="640" height="799" data-captioned="1"></amp-instagram>
