<amp-youtube data-videoid="MnR9AVs6Q_c" layout="responsive" height="308" width="512"></amp-youtube>
