<a target="_blank" href="http://video.golem.de/player/videoplayer.swf?id=2883&amp;autoPl=false">http://video.golem.de/player/videoplayer.swf?id=2883&amp;autoPl=false</a>
