<!-- normal twitter embed using 'status' -->
<amp-twitter data-cards="hidden" data-lang="en" height="223" width="486" layout="responsive" data-tweetid="704420904437043200"></amp-twitter>

<!-- normal twitter embed using 'statuses' -->
<amp-twitter data-cards="hidden" data-lang="en" height="223" width="486" layout="responsive" data-tweetid="704420904437043200"></amp-twitter>
