<amp-video controls autoplay width="500" height="200" data-provider="Fox" class="video-large" layout="responsive"><div placeholder><p>Click Here</p></div><div fallback><div>Your browser does not support the <strong>video</strong> tag</div><p>Try using recent versions of Google Chrome or Firefox</p></div>
  <source type="video/mp4" src="/video/movie.mp4">
  <source type="video/webm" src="/video/movie.webm">
  <track kind="captions" src="/captions.en.vtt" srclang="en" label="English">
  <track kind="captions" src="/captions.hi.vtt" srclang="hi" label="Hindi">


</amp-video>
