<amp-youtube data-videoid="MnR9AVs6Q_c" layout="responsive" data-priority="high" height="315" width="560" data-param-autoplay="1" data-param-controls="0"></amp-youtube>
