<amp-youtube data-videoid="MnR9AVs6Q_c" layout="responsive" data-priority="high" height="315" width="560"></amp-youtube>
